// Jest Snapshot v1, https://goo.gl/fbAQLP

exports[`toMatchApiMock() Should fail: [mockshot] [[GET https://www.example.com failure]] 1`] = `
{
  "method": "GET",
  "mock": {
    "body": "<!doctype html>\\n<html>\\n<head>\\n    <title>Example Domain</title>\\n\\n    <meta charset=\\"utf-8\\" />\\n    <meta http-equiv=\\"Content-type\\" content=\\"text/html; charset=utf-8\\" />\\n    <meta name=\\"viewport\\" content=\\"width=device-width, initial-scale=1\\" />\\n    <style type=\\"text/css\\">\\n    body {\\n        background-color: #f0f0f2;\\n        margin: 0;\\n        padding: 0;\\n        font-family: \\"Open Sans\\", \\"Helvetica Neue\\", Helvetica, Arial, sans-serif;\\n        \\n    }\\n    div {\\n        width: 600px;\\n        margin: 5em auto;\\n        padding: 50px;\\n        background-color: #fff;\\n        border-radius: 1em;\\n    }\\n    a:link, a:visited {\\n        color: #38488f;\\n        text-decoration: none;\\n    }\\n    @media (max-width: 700px) {\\n        body {\\n            background-color: #fff;\\n        }\\n        div {\\n            width: auto;\\n            margin: 0 auto;\\n            border-radius: 0;\\n            padding: 1em;\\n        }\\n    }\\n    </style>    \\n</head>\\n\\n<body>\\n<div>\\n    <h1>Example Domain</h1>\\n    <p>This domain is established to be used for illustrative examples in documents. You may use this\\n    domain in examples without prior coordination or asking for permission.</p>\\n    <p><a href=\\"http://www.iana.org/domains/example\\">More information...</a></p>\\n</div>\\n</body>\\n</html>\\n",
    "status": 200
  },
  "mockName": "failure",
  "url": "https://www.example.com"
}
`;

exports[`toMatchApiMock() Should work: [mockshot] [[GET https://www.example.com success]] 1`] = `
{
  "method": "GET",
  "mock": {
    "body": "<!doctype html>\\n<html>\\n<head>\\n    <title>Example Domain</title>\\n\\n    <meta charset=\\"utf-8\\" />\\n    <meta http-equiv=\\"Content-type\\" content=\\"text/html; charset=utf-8\\" />\\n    <meta name=\\"viewport\\" content=\\"width=device-width, initial-scale=1\\" />\\n    <style type=\\"text/css\\">\\n    body {\\n        background-color: #f0f0f2;\\n        margin: 0;\\n        padding: 0;\\n        font-family: \\"Open Sans\\", \\"Helvetica Neue\\", Helvetica, Arial, sans-serif;\\n        \\n    }\\n    div {\\n        width: 600px;\\n        margin: 5em auto;\\n        padding: 50px;\\n        background-color: #fff;\\n        border-radius: 1em;\\n    }\\n    a:link, a:visited {\\n        color: #38488f;\\n        text-decoration: none;\\n    }\\n    @media (max-width: 700px) {\\n        body {\\n            background-color: #fff;\\n        }\\n        div {\\n            width: auto;\\n            margin: 0 auto;\\n            border-radius: 0;\\n            padding: 1em;\\n        }\\n    }\\n    </style>    \\n</head>\\n\\n<body>\\n<div>\\n    <h1>Example Domain</h1>\\n    <p>This domain is established to be used for illustrative examples in documents. You may use this\\n    domain in examples without prior coordination or asking for permission.</p>\\n    <p><a href=\\"http://www.iana.org/domains/example\\">More information...</a></p>\\n</div>\\n</body>\\n</html>\\n",
    "status": 200
  },
  "mockName": "success",
  "url": "https://www.example.com"
}
`;
